2026-08-02 09:39:45 [main] INFO  com.elpaisqa.utils.LoggerUtil - ===================================== runElPaisParallelTest_chrome_Windows_11 TEST START =========================================
2026-08-02 09:39:45 [main] FATAL com.elpaisqa.utils.LoggerUtil - BrowserStack credentials are not set in environment variables! Ensure BROWSERSTACK_USERNAME and BROWSERSTACK_ACCESS_KEY are configured.
2026-08-02 09:41:07 [main] INFO  com.elpaisqa.utils.LoggerUtil - ===================================== runElPaisParallelTest_chrome_Windows_11 TEST START =========================================
2026-08-02 09:41:07 [main] FATAL com.elpaisqa.utils.LoggerUtil - BrowserStack credentials are not set in environment variables! Ensure BROWSERSTACK_USERNAME and BROWSERSTACK_ACCESS_KEY are configured.
2026-08-02 09:50:44 [TestNG-tests-2] INFO  com.elpaisqa.utils.LoggerUtil - ===================================== runElPaisParallelTest_firefox_OS X_Ventura TEST START =========================================
2026-08-02 09:50:44 [TestNG-tests-3] INFO  com.elpaisqa.utils.LoggerUtil - ===================================== runElPaisParallelTest_safari_OS X_Sonoma TEST START =========================================
2026-08-02 09:50:44 [TestNG-tests-4] INFO  com.elpaisqa.utils.LoggerUtil - ===================================== runElPaisParallelTest_chrome_SamsungGalaxyS23 TEST START =========================================
2026-08-02 09:50:44 [TestNG-tests-5] INFO  com.elpaisqa.utils.LoggerUtil - ===================================== runElPaisParallelTest_safari_iPhone14 TEST START =========================================
2026-08-02 09:50:44 [TestNG-tests-1] INFO  com.elpaisqa.utils.LoggerUtil - ===================================== runElPaisParallelTest_chrome_Windows_11 TEST START =========================================
2026-08-02 09:50:44 [TestNG-tests-3] INFO  com.elpaisqa.utils.LoggerUtil - Generating BrowserStack capabilities for safari (OS X, )...
2026-08-02 09:50:44 [TestNG-tests-5] INFO  com.elpaisqa.utils.LoggerUtil - Generating BrowserStack capabilities for safari (, iPhone 14)...
2026-08-02 09:50:44 [TestNG-tests-4] INFO  com.elpaisqa.utils.LoggerUtil - Generating BrowserStack capabilities for chrome (, Samsung Galaxy S23)...
2026-08-02 09:50:44 [TestNG-tests-2] INFO  com.elpaisqa.utils.LoggerUtil - Generating BrowserStack capabilities for firefox (OS X, )...
2026-08-02 09:50:44 [TestNG-tests-1] INFO  com.elpaisqa.utils.LoggerUtil - Generating BrowserStack capabilities for chrome (Windows, )...
2026-08-02 09:50:44 [TestNG-tests-5] INFO  com.elpaisqa.utils.LoggerUtil - Initializing RemoteWebDriver session on BrowserStack...
2026-08-02 09:50:44 [TestNG-tests-1] INFO  com.elpaisqa.utils.LoggerUtil - Initializing RemoteWebDriver session on BrowserStack...
2026-08-02 09:50:44 [TestNG-tests-2] INFO  com.elpaisqa.utils.LoggerUtil - Initializing RemoteWebDriver session on BrowserStack...
2026-08-02 09:50:44 [TestNG-tests-3] INFO  com.elpaisqa.utils.LoggerUtil - Initializing RemoteWebDriver session on BrowserStack...
2026-08-02 09:50:44 [TestNG-tests-4] INFO  com.elpaisqa.utils.LoggerUtil - Initializing RemoteWebDriver session on BrowserStack...
2026-08-02 09:50:51 [TestNG-tests-1] INFO  com.elpaisqa.utils.LoggerUtil - Navigating to https://elpais.com
2026-08-02 09:50:51 [TestNG-tests-3] INFO  com.elpaisqa.utils.LoggerUtil - Navigating to https://elpais.com
2026-08-02 09:50:52 [TestNG-tests-1] INFO  com.elpaisqa.utils.LoggerUtil - Handling cookies...
2026-08-02 09:50:53 [TestNG-tests-3] INFO  com.elpaisqa.utils.LoggerUtil - Handling cookies...
2026-08-02 09:50:56 [TestNG-tests-2] INFO  com.elpaisqa.utils.LoggerUtil - Navigating to https://elpais.com
2026-08-02 09:50:57 [TestNG-tests-3] INFO  com.elpaisqa.utils.LoggerUtil - Verifying Spanish language...
2026-08-02 09:50:57 [TestNG-tests-3] INFO  com.elpaisqa.utils.LoggerUtil - Navigating to Opinion section...
2026-08-02 09:50:57 [TestNG-tests-2] INFO  com.elpaisqa.utils.LoggerUtil - Handling cookies...
2026-08-02 09:50:58 [TestNG-tests-1] INFO  com.elpaisqa.utils.LoggerUtil - Verifying Spanish language...
2026-08-02 09:50:59 [TestNG-tests-1] INFO  com.elpaisqa.utils.LoggerUtil - Navigating to Opinion section...
2026-08-02 09:51:02 [TestNG-tests-2] INFO  com.elpaisqa.utils.LoggerUtil - Verifying Spanish language...
2026-08-02 09:51:02 [TestNG-tests-2] INFO  com.elpaisqa.utils.LoggerUtil - Navigating to Opinion section...
2026-08-02 09:51:05 [TestNG-tests-5] INFO  com.elpaisqa.utils.LoggerUtil - Navigating to https://elpais.com
2026-08-02 09:51:08 [TestNG-tests-4] INFO  com.elpaisqa.utils.LoggerUtil - Navigating to https://elpais.com
2026-08-02 09:51:09 [TestNG-tests-5] INFO  com.elpaisqa.utils.LoggerUtil - Handling cookies...
2026-08-02 09:51:10 [TestNG-tests-4] INFO  com.elpaisqa.utils.LoggerUtil - Handling cookies...
2026-08-02 09:51:16 [TestNG-tests-4] INFO  com.elpaisqa.utils.LoggerUtil - Verifying Spanish language...
2026-08-02 09:51:16 [TestNG-tests-4] INFO  com.elpaisqa.utils.LoggerUtil - Navigating to Opinion section...
2026-08-02 09:51:18 [TestNG-tests-2] INFO  com.elpaisqa.utils.LoggerUtil - Articles found for scraping: 0
2026-08-02 09:51:18 [TestNG-tests-2] INFO  com.elpaisqa.utils.LoggerUtil - Starting word frequency analysis on translated headers...
2026-08-02 09:51:18 [TestNG-tests-2] INFO  com.elpaisqa.utils.LoggerUtil - Test execution completed successfully.
2026-08-02 09:51:19 [TestNG-tests-2] INFO  com.elpaisqa.utils.LoggerUtil - Quitting RemoteWebDriver session...
2026-08-02 09:51:21 [TestNG-tests-2] INFO  com.elpaisqa.utils.LoggerUtil - ===================================== runElPaisParallelTest_firefox_OS X_Ventura TEST END =========================================
2026-08-02 09:51:43 [TestNG-tests-1] INFO  com.elpaisqa.utils.LoggerUtil - ===================================== runElPaisParallelTest_chrome_Windows_11 TEST START =========================================
2026-08-02 09:51:43 [TestNG-tests-3] INFO  com.elpaisqa.utils.LoggerUtil - ===================================== runElPaisParallelTest_safari_OS X_Sonoma TEST START =========================================
2026-08-02 09:51:43 [TestNG-tests-2] INFO  com.elpaisqa.utils.LoggerUtil - ===================================== runElPaisParallelTest_firefox_OS X_Ventura TEST START =========================================
2026-08-02 09:51:43 [TestNG-tests-4] INFO  com.elpaisqa.utils.LoggerUtil - ===================================== runElPaisParallelTest_chrome_SamsungGalaxyS23 TEST START =========================================
2026-08-02 09:51:43 [TestNG-tests-5] INFO  com.elpaisqa.utils.LoggerUtil - ===================================== runElPaisParallelTest_safari_iPhone14 TEST START =========================================
2026-08-02 09:51:43 [TestNG-tests-3] INFO  com.elpaisqa.utils.LoggerUtil - Generating BrowserStack capabilities for safari (OS X, )...
2026-08-02 09:51:43 [TestNG-tests-2] INFO  com.elpaisqa.utils.LoggerUtil - Generating BrowserStack capabilities for firefox (OS X, )...
2026-08-02 09:51:43 [TestNG-tests-5] INFO  com.elpaisqa.utils.LoggerUtil - Generating BrowserStack capabilities for safari (, iPhone 14)...
2026-08-02 09:51:43 [TestNG-tests-4] INFO  com.elpaisqa.utils.LoggerUtil - Generating BrowserStack capabilities for chrome (, Samsung Galaxy S23)...
2026-08-02 09:51:43 [TestNG-tests-1] INFO  com.elpaisqa.utils.LoggerUtil - Generating BrowserStack capabilities for chrome (Windows, )...
2026-08-02 09:51:43 [TestNG-tests-1] INFO  com.elpaisqa.utils.LoggerUtil - Initializing RemoteWebDriver session on BrowserStack...
2026-08-02 09:51:43 [TestNG-tests-5] INFO  com.elpaisqa.utils.LoggerUtil - Initializing RemoteWebDriver session on BrowserStack...
2026-08-02 09:51:43 [TestNG-tests-3] INFO  com.elpaisqa.utils.LoggerUtil - Initializing RemoteWebDriver session on BrowserStack...
2026-08-02 09:51:43 [TestNG-tests-2] INFO  com.elpaisqa.utils.LoggerUtil - Initializing RemoteWebDriver session on BrowserStack...
2026-08-02 09:51:43 [TestNG-tests-4] INFO  com.elpaisqa.utils.LoggerUtil - Initializing RemoteWebDriver session on BrowserStack...
2026-08-02 09:52:03 [TestNG-tests-4] INFO  com.elpaisqa.utils.LoggerUtil - Navigating to https://elpais.com
2026-08-02 09:52:05 [TestNG-tests-4] INFO  com.elpaisqa.utils.LoggerUtil - Handling cookies...
2026-08-02 09:52:11 [TestNG-tests-4] INFO  com.elpaisqa.utils.LoggerUtil - Verifying Spanish language...
2026-08-02 09:52:11 [TestNG-tests-4] INFO  com.elpaisqa.utils.LoggerUtil - Navigating to Opinion section...
2026-08-02 09:53:05 [TestNG-tests-4] INFO  com.elpaisqa.utils.LoggerUtil - Articles found for scraping: 5
2026-08-02 09:53:05 [TestNG-tests-4] INFO  com.elpaisqa.utils.LoggerUtil - Processing article 1: EDITORIAL
2026-08-02 09:53:17 [TestNG-tests-1] INFO  com.elpaisqa.utils.LoggerUtil - Navigating to https://elpais.com
2026-08-02 09:53:18 [TestNG-tests-1] INFO  com.elpaisqa.utils.LoggerUtil - Handling cookies...
2026-08-02 09:53:24 [TestNG-tests-1] INFO  com.elpaisqa.utils.LoggerUtil - Verifying Spanish language...
2026-08-02 09:53:25 [TestNG-tests-1] INFO  com.elpaisqa.utils.LoggerUtil - Navigating to Opinion section...
2026-08-02 09:53:27 [TestNG-tests-3] INFO  com.elpaisqa.utils.LoggerUtil - Navigating to https://elpais.com
2026-08-02 09:53:33 [TestNG-tests-2] INFO  com.elpaisqa.utils.LoggerUtil - Navigating to https://elpais.com
2026-08-02 09:53:34 [TestNG-tests-3] INFO  com.elpaisqa.utils.LoggerUtil - Handling cookies...
2026-08-02 09:53:35 [TestNG-tests-2] INFO  com.elpaisqa.utils.LoggerUtil - Handling cookies...
2026-08-02 09:53:35 [TestNG-tests-5] INFO  com.elpaisqa.utils.LoggerUtil - Navigating to https://elpais.com
2026-08-02 09:53:39 [TestNG-tests-3] INFO  com.elpaisqa.utils.LoggerUtil - Verifying Spanish language...
2026-08-02 09:53:39 [TestNG-tests-3] INFO  com.elpaisqa.utils.LoggerUtil - Navigating to Opinion section...
2026-08-02 09:53:39 [TestNG-tests-5] INFO  com.elpaisqa.utils.LoggerUtil - Handling cookies...
2026-08-02 09:53:39 [TestNG-tests-4] INFO  com.elpaisqa.utils.LoggerUtil - Excerpt scraped: El inaceptable uso de la inmigración contra las fronteras soberanas en Ceuta requiere respuestas claras y todo el apoyo de la UE Los incendios se pueden prevenir, y es obligación de los poderes públic...
2026-08-02 09:53:39 [TestNG-tests-4] INFO  com.elpaisqa.utils.LoggerUtil - No cover image found for article 1
2026-08-02 09:53:39 [TestNG-tests-4] INFO  com.elpaisqa.utils.LoggerUtil - Translating title to English...
2026-08-02 09:53:40 [TestNG-tests-2] INFO  com.elpaisqa.utils.LoggerUtil - Verifying Spanish language...
2026-08-02 09:53:40 [TestNG-tests-2] INFO  com.elpaisqa.utils.LoggerUtil - Navigating to Opinion section...
2026-08-02 09:53:42 [TestNG-tests-4] INFO  com.elpaisqa.utils.LoggerUtil - Processing article 2: TRIBUNA
2026-08-02 09:53:56 [TestNG-tests-2] INFO  com.elpaisqa.utils.LoggerUtil - Articles found for scraping: 0
2026-08-02 09:53:56 [TestNG-tests-2] INFO  com.elpaisqa.utils.LoggerUtil - Starting word frequency analysis on translated headers...
2026-08-02 09:53:56 [TestNG-tests-2] INFO  com.elpaisqa.utils.LoggerUtil - Test execution completed successfully.
2026-08-02 09:53:57 [TestNG-tests-2] INFO  com.elpaisqa.utils.LoggerUtil - Quitting RemoteWebDriver session...
2026-08-02 09:53:59 [TestNG-tests-2] INFO  com.elpaisqa.utils.LoggerUtil - ===================================== runElPaisParallelTest_firefox_OS X_Ventura TEST END =========================================
2026-08-02 09:54:15 [TestNG-tests-1] INFO  com.elpaisqa.utils.LoggerUtil - Articles found for scraping: 5
2026-08-02 09:54:15 [TestNG-tests-1] INFO  com.elpaisqa.utils.LoggerUtil - Processing article 1: EDITORIAL
2026-08-02 09:54:16 [TestNG-tests-4] INFO  com.elpaisqa.utils.LoggerUtil - Excerpt scraped: España debe reclamar el apoyo de los socios europeos cuando la soberanía de un Estado miembro esté en cuestión, ya sea por amenazas convencionales o híbridas Las investigaciones para combatir las enfe...
2026-08-02 09:54:16 [TestNG-tests-4] INFO  com.elpaisqa.utils.LoggerUtil - No cover image found for article 2
2026-08-02 09:54:16 [TestNG-tests-4] INFO  com.elpaisqa.utils.LoggerUtil - Translating title to English...
2026-08-02 09:54:20 [TestNG-tests-4] INFO  com.elpaisqa.utils.LoggerUtil - Processing article 3: COLUMNA
2026-08-02 09:54:27 [TestNG-tests-3] INFO  com.elpaisqa.utils.LoggerUtil - Articles found for scraping: 5
2026-08-02 09:54:27 [TestNG-tests-3] INFO  com.elpaisqa.utils.LoggerUtil - Processing article 1: EDITORIAL
2026-08-02 09:54:49 [TestNG-tests-1] INFO  com.elpaisqa.utils.LoggerUtil - Excerpt scraped: El inaceptable uso de la inmigración contra las fronteras soberanas en Ceuta requiere respuestas claras y todo el apoyo de la UE Los incendios se pueden prevenir, y es obligación de los poderes públic...
2026-08-02 09:54:49 [TestNG-tests-1] INFO  com.elpaisqa.utils.LoggerUtil - No cover image found for article 1
2026-08-02 09:54:49 [TestNG-tests-1] INFO  com.elpaisqa.utils.LoggerUtil - Translating title to English...
2026-08-02 09:54:52 [TestNG-tests-1] INFO  com.elpaisqa.utils.LoggerUtil - Processing article 2: TRIBUNA
2026-08-02 09:54:55 [TestNG-tests-4] INFO  com.elpaisqa.utils.LoggerUtil - Excerpt scraped: La presidenta insistirá en su proyecto de control. Ciertamente, ya no seremos como Venezuela, pero parece que a Sheinbaum le gusta Nicaragua El nombramiento de Paola Holguín representa todo lo contrar...
2026-08-02 09:54:55 [TestNG-tests-4] INFO  com.elpaisqa.utils.LoggerUtil - No cover image found for article 3
2026-08-02 09:54:55 [TestNG-tests-4] INFO  com.elpaisqa.utils.LoggerUtil - Translating title to English...
2026-08-02 09:54:57 [TestNG-tests-4] INFO  com.elpaisqa.utils.LoggerUtil - Processing article 4: TRIBUNA
2026-08-02 09:54:57 [TestNG-tests-5] INFO  com.elpaisqa.utils.LoggerUtil - Verifying Spanish language...
2026-08-02 09:54:57 [TestNG-tests-5] INFO  com.elpaisqa.utils.LoggerUtil - Navigating to Opinion section...
2026-08-02 09:55:05 [TestNG-tests-3] INFO  com.elpaisqa.utils.LoggerUtil - Excerpt scraped: El inaceptable uso de la inmigración contra las fronteras soberanas en Ceuta requiere respuestas claras y todo el apoyo de la UE Los incendios se pueden prevenir, y es obligación de los poderes públic...
2026-08-02 09:55:05 [TestNG-tests-3] INFO  com.elpaisqa.utils.LoggerUtil - No cover image found for article 1
2026-08-02 09:55:05 [TestNG-tests-3] INFO  com.elpaisqa.utils.LoggerUtil - Translating title to English...
2026-08-02 09:55:07 [TestNG-tests-3] INFO  com.elpaisqa.utils.LoggerUtil - Processing article 2: tribuna
2026-08-02 09:55:25 [TestNG-tests-1] INFO  com.elpaisqa.utils.LoggerUtil - Excerpt scraped: España debe reclamar el apoyo de los socios europeos cuando la soberanía de un Estado miembro esté en cuestión, ya sea por amenazas convencionales o híbridas Las investigaciones para combatir las enfe...
2026-08-02 09:55:25 [TestNG-tests-1] INFO  com.elpaisqa.utils.LoggerUtil - No cover image found for article 2
2026-08-02 09:55:25 [TestNG-tests-1] INFO  com.elpaisqa.utils.LoggerUtil - Translating title to English...
2026-08-02 09:55:27 [TestNG-tests-1] INFO  com.elpaisqa.utils.LoggerUtil - Processing article 3: COLUMNA
2026-08-02 09:55:30 [TestNG-tests-4] INFO  com.elpaisqa.utils.LoggerUtil - Excerpt scraped: España debe reclamar el apoyo de los socios europeos cuando la soberanía de un Estado miembro esté en cuestión, ya sea por amenazas convencionales o híbridas Las investigaciones para combatir las enfe...
2026-08-02 09:55:30 [TestNG-tests-4] INFO  com.elpaisqa.utils.LoggerUtil - Downloading cover image: https://imagenes.elpais.com/resizer/v2/EH6J3QTC3JI6BJQPXAOIIQAFR4.jpg?auth=db5892300d2a49a7a6089b52adbbc7bebfb2b0db2538159173c2720db428dd7e&width=414
2026-08-02 09:55:30 [TestNG-tests-4] INFO  com.elpaisqa.utils.LoggerUtil - Translating title to English...
2026-08-02 09:55:32 [TestNG-tests-4] INFO  com.elpaisqa.utils.LoggerUtil - Processing article 5: EXPOSICIÓN
2026-08-02 09:55:40 [TestNG-tests-3] INFO  com.elpaisqa.utils.LoggerUtil - Excerpt scraped: España debe reclamar el apoyo de los socios europeos cuando la soberanía de un Estado miembro esté en cuestión, ya sea por amenazas convencionales o híbridas Las investigaciones para combatir las enfe...
2026-08-02 09:55:40 [TestNG-tests-3] INFO  com.elpaisqa.utils.LoggerUtil - No cover image found for article 2
2026-08-02 09:55:40 [TestNG-tests-3] INFO  com.elpaisqa.utils.LoggerUtil - Translating title to English...
2026-08-02 09:55:42 [TestNG-tests-3] INFO  com.elpaisqa.utils.LoggerUtil - Processing article 3: COLUMNA
2026-08-02 09:55:44 [TestNG-tests-5] INFO  com.elpaisqa.utils.LoggerUtil - Articles found for scraping: 2
2026-08-02 09:55:44 [TestNG-tests-5] INFO  com.elpaisqa.utils.LoggerUtil - Processing article 1: EDITORIAL
2026-08-02 09:56:02 [TestNG-tests-1] INFO  com.elpaisqa.utils.LoggerUtil - Excerpt scraped: Hacer de Barranquilla una capital alterna puede acabar con décadas de atraso o convertirse en un espejismo que ahonda las desigualdades La presidenta insistirá en su proyecto de control. Ciertamente, ...
2026-08-02 09:56:02 [TestNG-tests-1] INFO  com.elpaisqa.utils.LoggerUtil - No cover image found for article 3
2026-08-02 09:56:02 [TestNG-tests-1] INFO  com.elpaisqa.utils.LoggerUtil - Translating title to English...
2026-08-02 09:56:05 [TestNG-tests-1] INFO  com.elpaisqa.utils.LoggerUtil - Processing article 4: TRIBUNA
2026-08-02 09:56:06 [TestNG-tests-4] INFO  com.elpaisqa.utils.LoggerUtil - Excerpt scraped: El inaceptable uso de la inmigración contra las fronteras soberanas en Ceuta requiere respuestas claras y todo el apoyo de la UE Las investigaciones para combatir las enfermedades olvidadas atraviesan...
2026-08-02 09:56:06 [TestNG-tests-4] INFO  com.elpaisqa.utils.LoggerUtil - Downloading cover image: https://imagenes.elpais.com/resizer/v2/YM6RQI563BFPVHQWBY7E6DLNSA.jpg?auth=37fd263c25536d97d0ee5e23ae93dfd72c222f6584d98e5adf59e58d7e95db66&width=414&height=233&focal=2623%2C1472
2026-08-02 09:56:06 [TestNG-tests-5] INFO  com.elpaisqa.utils.LoggerUtil - Excerpt scraped: Content restricted — showing excerpt only
2026-08-02 09:56:06 [TestNG-tests-5] INFO  com.elpaisqa.utils.LoggerUtil - No cover image found for article 1
2026-08-02 09:56:06 [TestNG-tests-5] INFO  com.elpaisqa.utils.LoggerUtil - Translating title to English...
2026-08-02 09:56:07 [TestNG-tests-4] INFO  com.elpaisqa.utils.LoggerUtil - Translating title to English...
2026-08-02 09:56:10 [TestNG-tests-4] INFO  com.elpaisqa.utils.LoggerUtil - Starting word frequency analysis on translated headers...
2026-08-02 09:56:10 [TestNG-tests-4] INFO  com.elpaisqa.utils.LoggerUtil - Test execution completed successfully.
2026-08-02 09:56:10 [TestNG-tests-5] INFO  com.elpaisqa.utils.LoggerUtil - Processing article 2: TRIBUNA
2026-08-02 09:56:11 [TestNG-tests-4] INFO  com.elpaisqa.utils.LoggerUtil - Quitting RemoteWebDriver session...
2026-08-02 09:56:13 [TestNG-tests-4] INFO  com.elpaisqa.utils.LoggerUtil - ===================================== runElPaisParallelTest_chrome_SamsungGalaxyS23 TEST END =========================================
2026-08-02 09:56:15 [TestNG-tests-3] INFO  com.elpaisqa.utils.LoggerUtil - Excerpt scraped: Hacer de Barranquilla una capital alterna puede acabar con décadas de atraso o convertirse en un espejismo que ahonda las desigualdades La presidenta insistirá en su proyecto de control. Ciertamente, ...
2026-08-02 09:56:15 [TestNG-tests-3] INFO  com.elpaisqa.utils.LoggerUtil - No cover image found for article 3
2026-08-02 09:56:15 [TestNG-tests-3] INFO  com.elpaisqa.utils.LoggerUtil - Translating title to English...
2026-08-02 09:56:17 [TestNG-tests-3] INFO  com.elpaisqa.utils.LoggerUtil - Processing article 4: TRIBUNA
2026-08-02 09:56:33 [TestNG-tests-5] INFO  com.elpaisqa.utils.LoggerUtil - Excerpt scraped: Content restricted — showing excerpt only
2026-08-02 09:56:33 [TestNG-tests-5] INFO  com.elpaisqa.utils.LoggerUtil - No cover image found for article 2
2026-08-02 09:56:33 [TestNG-tests-5] INFO  com.elpaisqa.utils.LoggerUtil - Translating title to English...
2026-08-02 09:56:36 [TestNG-tests-5] INFO  com.elpaisqa.utils.LoggerUtil - Starting word frequency analysis on translated headers...
2026-08-02 09:56:36 [TestNG-tests-5] INFO  com.elpaisqa.utils.LoggerUtil - Test execution completed successfully.
2026-08-02 09:56:37 [TestNG-tests-5] INFO  com.elpaisqa.utils.LoggerUtil - Quitting RemoteWebDriver session...
2026-08-02 09:56:38 [TestNG-tests-1] INFO  com.elpaisqa.utils.LoggerUtil - Excerpt scraped: España debe reclamar el apoyo de los socios europeos cuando la soberanía de un Estado miembro esté en cuestión, ya sea por amenazas convencionales o híbridas Las investigaciones para combatir las enfe...
2026-08-02 09:56:38 [TestNG-tests-1] INFO  com.elpaisqa.utils.LoggerUtil - Downloading cover image: https://imagenes.elpais.com/resizer/v2/EH6J3QTC3JI6BJQPXAOIIQAFR4.jpg?auth=db5892300d2a49a7a6089b52adbbc7bebfb2b0db2538159173c2720db428dd7e&width=414
2026-08-02 09:56:38 [TestNG-tests-1] INFO  com.elpaisqa.utils.LoggerUtil - Translating title to English...
2026-08-02 09:56:39 [TestNG-tests-5] INFO  com.elpaisqa.utils.LoggerUtil - ===================================== runElPaisParallelTest_safari_iPhone14 TEST END =========================================
2026-08-02 09:56:40 [TestNG-tests-1] INFO  com.elpaisqa.utils.LoggerUtil - Processing article 5: EXPOSICIÓN
2026-08-02 09:56:50 [TestNG-tests-3] INFO  com.elpaisqa.utils.LoggerUtil - Excerpt scraped: España debe reclamar el apoyo de los socios europeos cuando la soberanía de un Estado miembro esté en cuestión, ya sea por amenazas convencionales o híbridas Las investigaciones para combatir las enfe...
2026-08-02 09:56:50 [TestNG-tests-3] INFO  com.elpaisqa.utils.LoggerUtil - Downloading cover image: https://imagenes.elpais.com/resizer/v2/EH6J3QTC3JI6BJQPXAOIIQAFR4.jpg?auth=db5892300d2a49a7a6089b52adbbc7bebfb2b0db2538159173c2720db428dd7e&width=414
2026-08-02 09:56:50 [TestNG-tests-3] INFO  com.elpaisqa.utils.LoggerUtil - Translating title to English...
2026-08-02 09:56:53 [TestNG-tests-3] INFO  com.elpaisqa.utils.LoggerUtil - Processing article 5: Exposición
2026-08-02 09:57:14 [TestNG-tests-1] INFO  com.elpaisqa.utils.LoggerUtil - Excerpt scraped: El inaceptable uso de la inmigración contra las fronteras soberanas en Ceuta requiere respuestas claras y todo el apoyo de la UE Las investigaciones para combatir las enfermedades olvidadas atraviesan...
2026-08-02 09:57:14 [TestNG-tests-1] INFO  com.elpaisqa.utils.LoggerUtil - Downloading cover image: https://imagenes.elpais.com/resizer/v2/YM6RQI563BFPVHQWBY7E6DLNSA.jpg?auth=37fd263c25536d97d0ee5e23ae93dfd72c222f6584d98e5adf59e58d7e95db66&width=414&height=233&focal=2623%2C1472
2026-08-02 09:57:14 [TestNG-tests-1] INFO  com.elpaisqa.utils.LoggerUtil - Translating title to English...
2026-08-02 09:57:16 [TestNG-tests-1] INFO  com.elpaisqa.utils.LoggerUtil - Starting word frequency analysis on translated headers...
2026-08-02 09:57:16 [TestNG-tests-1] INFO  com.elpaisqa.utils.LoggerUtil - Test execution completed successfully.
2026-08-02 09:57:18 [TestNG-tests-1] INFO  com.elpaisqa.utils.LoggerUtil - Quitting RemoteWebDriver session...
2026-08-02 09:57:19 [TestNG-tests-1] INFO  com.elpaisqa.utils.LoggerUtil - ===================================== runElPaisParallelTest_chrome_Windows_11 TEST END =========================================
2026-08-02 09:57:25 [TestNG-tests-3] INFO  com.elpaisqa.utils.LoggerUtil - Excerpt scraped: El inaceptable uso de la inmigración contra las fronteras soberanas en Ceuta requiere respuestas claras y todo el apoyo de la UE Las investigaciones para combatir las enfermedades olvidadas atraviesan...
2026-08-02 09:57:25 [TestNG-tests-3] INFO  com.elpaisqa.utils.LoggerUtil - Downloading cover image: https://imagenes.elpais.com/resizer/v2/YM6RQI563BFPVHQWBY7E6DLNSA.jpg?auth=37fd263c25536d97d0ee5e23ae93dfd72c222f6584d98e5adf59e58d7e95db66&width=414&height=233&focal=2623%2C1472
2026-08-02 09:57:26 [TestNG-tests-3] INFO  com.elpaisqa.utils.LoggerUtil - Translating title to English...
2026-08-02 09:57:28 [TestNG-tests-3] INFO  com.elpaisqa.utils.LoggerUtil - Starting word frequency analysis on translated headers...
2026-08-02 09:57:28 [TestNG-tests-3] INFO  com.elpaisqa.utils.LoggerUtil - Test execution completed successfully.
2026-08-02 09:57:29 [TestNG-tests-3] INFO  com.elpaisqa.utils.LoggerUtil - Quitting RemoteWebDriver session...
2026-08-02 09:57:31 [TestNG-tests-3] INFO  com.elpaisqa.utils.LoggerUtil - ===================================== runElPaisParallelTest_safari_OS X_Sonoma TEST END =========================================
2026-08-02 10:02:46 [main] INFO  com.elpaisqa.utils.LoggerUtil - ===================================== runElPaisParallelTest_chrome_Windows_11 TEST START =========================================
2026-08-02 10:02:46 [main] INFO  com.elpaisqa.utils.LoggerUtil - Generating BrowserStack capabilities for chrome (Windows, )...
2026-08-02 10:02:46 [main] INFO  com.elpaisqa.utils.LoggerUtil - Initializing RemoteWebDriver session on BrowserStack...
2026-08-02 10:02:52 [main] INFO  com.elpaisqa.utils.LoggerUtil - Navigating to https://elpais.com
2026-08-02 10:02:54 [main] INFO  com.elpaisqa.utils.LoggerUtil - Handling cookies...
2026-08-02 10:02:59 [main] INFO  com.elpaisqa.utils.LoggerUtil - Verifying Spanish language...
2026-08-02 10:03:00 [main] INFO  com.elpaisqa.utils.LoggerUtil - Navigating to Opinion section...
2026-08-02 10:03:39 [main] INFO  com.elpaisqa.utils.LoggerUtil - ===================================== runElPaisLocalTest TEST START =========================================
2026-08-02 10:03:39 [main] INFO  com.elpaisqa.utils.LoggerUtil - Initializing local ChromeDriver...
2026-08-02 10:03:40 [main] INFO  com.elpaisqa.utils.LoggerUtil - Navigating to https://elpais.com
2026-08-02 10:03:45 [main] INFO  com.elpaisqa.utils.LoggerUtil - Handling cookies...
2026-08-02 10:03:50 [main] INFO  com.elpaisqa.utils.LoggerUtil - Verifying Spanish language...
2026-08-02 10:03:50 [main] INFO  com.elpaisqa.utils.LoggerUtil - Navigating to Opinion section...
2026-08-02 10:04:01 [main] INFO  com.elpaisqa.utils.LoggerUtil - Articles found for scraping: 0
2026-08-02 10:04:01 [main] INFO  com.elpaisqa.utils.LoggerUtil - Starting word frequency analysis on translated headers...
2026-08-02 10:04:01 [main] INFO  com.elpaisqa.utils.LoggerUtil - Local test completed successfully.
2026-08-02 10:04:01 [main] INFO  com.elpaisqa.utils.LoggerUtil - Quitting local WebDriver session...
2026-08-02 10:04:01 [main] INFO  com.elpaisqa.utils.LoggerUtil - ===================================== runElPaisLocalTest TEST END =========================================
2026-08-02 10:06:57 [TestNG-tests-1] INFO  com.elpaisqa.utils.LoggerUtil - ===================================== runElPaisLocalTest_chrome TEST START =========================================
2026-08-02 10:06:57 [TestNG-tests-2] INFO  com.elpaisqa.utils.LoggerUtil - ===================================== runElPaisLocalTest_firefox TEST START =========================================
2026-08-02 10:06:57 [TestNG-tests-1] INFO  com.elpaisqa.utils.LoggerUtil - Initializing local chrome driver...
2026-08-02 10:06:57 [TestNG-tests-2] INFO  com.elpaisqa.utils.LoggerUtil - Initializing local firefox driver...
2026-08-02 10:06:58 [TestNG-tests-1] INFO  com.elpaisqa.utils.LoggerUtil - Navigating to https://elpais.com
2026-08-02 10:07:01 [TestNG-tests-1] INFO  com.elpaisqa.utils.LoggerUtil - Handling cookies...
2026-08-02 10:07:06 [TestNG-tests-1] INFO  com.elpaisqa.utils.LoggerUtil - Verifying Spanish language...
2026-08-02 10:07:06 [TestNG-tests-1] INFO  com.elpaisqa.utils.LoggerUtil - Navigating to Opinion section...
2026-08-02 10:07:36 [TestNG-tests-1] INFO  com.elpaisqa.utils.LoggerUtil - Articles found for scraping: 5
2026-08-02 10:07:36 [TestNG-tests-1] INFO  com.elpaisqa.utils.LoggerUtil - Processing article 1: EDITORIAL
2026-08-02 10:07:59 [TestNG-tests-1] INFO  com.elpaisqa.utils.LoggerUtil - Excerpt scraped: El inaceptable uso de la inmigración contra las fronteras soberanas en Ceuta requiere respuestas claras y todo el apoyo de la UE Los incendios se pueden prevenir, y es obligación de los poderes públic...
2026-08-02 10:07:59 [TestNG-tests-1] INFO  com.elpaisqa.utils.LoggerUtil - No cover image found for article 1
2026-08-02 10:07:59 [TestNG-tests-1] INFO  com.elpaisqa.utils.LoggerUtil - Translating title to English...
2026-08-02 10:08:03 [TestNG-tests-1] INFO  com.elpaisqa.utils.LoggerUtil - Processing article 2: TRIBUNA
2026-08-02 10:08:26 [TestNG-tests-1] INFO  com.elpaisqa.utils.LoggerUtil - Excerpt scraped: España debe reclamar el apoyo de los socios europeos cuando la soberanía de un Estado miembro esté en cuestión, ya sea por amenazas convencionales o híbridas Las investigaciones para combatir las enfe...
2026-08-02 10:08:26 [TestNG-tests-1] INFO  com.elpaisqa.utils.LoggerUtil - No cover image found for article 2
2026-08-02 10:08:26 [TestNG-tests-1] INFO  com.elpaisqa.utils.LoggerUtil - Translating title to English...
2026-08-02 10:08:28 [TestNG-tests-1] INFO  com.elpaisqa.utils.LoggerUtil - Processing article 3: COLUMNA
2026-08-02 10:09:20 [TestNG-tests-1] INFO  com.elpaisqa.utils.LoggerUtil - Excerpt scraped: Content restricted — showing excerpt only
2026-08-02 10:09:20 [TestNG-tests-1] INFO  com.elpaisqa.utils.LoggerUtil - No cover image found for article 3
2026-08-02 10:09:20 [TestNG-tests-1] INFO  com.elpaisqa.utils.LoggerUtil - Translating title to English...
2026-08-02 10:09:23 [TestNG-tests-1] INFO  com.elpaisqa.utils.LoggerUtil - Processing article 4: TRIBUNA
2026-08-02 10:10:16 [TestNG-tests-1] INFO  com.elpaisqa.utils.LoggerUtil - Excerpt scraped: Content restricted — showing excerpt only
2026-08-02 10:10:16 [TestNG-tests-1] INFO  com.elpaisqa.utils.LoggerUtil - Downloading cover image: https://imagenes.elpais.com/resizer/v2/EH6J3QTC3JI6BJQPXAOIIQAFR4.jpg?auth=db5892300d2a49a7a6089b52adbbc7bebfb2b0db2538159173c2720db428dd7e&width=414
2026-08-02 10:10:16 [TestNG-tests-1] INFO  com.elpaisqa.utils.LoggerUtil - Translating title to English...
2026-08-02 10:10:19 [TestNG-tests-1] INFO  com.elpaisqa.utils.LoggerUtil - Processing article 5: EXPOSICIÓN
2026-08-02 10:10:41 [TestNG-tests-1] INFO  com.elpaisqa.utils.LoggerUtil - Excerpt scraped: El inaceptable uso de la inmigración contra las fronteras soberanas en Ceuta requiere respuestas claras y todo el apoyo de la UE Las investigaciones para combatir las enfermedades olvidadas atraviesan...
2026-08-02 10:10:41 [TestNG-tests-1] INFO  com.elpaisqa.utils.LoggerUtil - Downloading cover image: https://imagenes.elpais.com/resizer/v2/YM6RQI563BFPVHQWBY7E6DLNSA.jpg?auth=37fd263c25536d97d0ee5e23ae93dfd72c222f6584d98e5adf59e58d7e95db66&width=414&height=233&focal=2623%2C1472
2026-08-02 10:10:42 [TestNG-tests-1] INFO  com.elpaisqa.utils.LoggerUtil - Translating title to English...
2026-08-02 10:10:44 [TestNG-tests-1] INFO  com.elpaisqa.utils.LoggerUtil - Starting word frequency analysis on translated headers...
2026-08-02 10:10:44 [TestNG-tests-1] INFO  com.elpaisqa.utils.LoggerUtil - Local test completed successfully.
2026-08-02 10:10:44 [TestNG-tests-1] INFO  com.elpaisqa.utils.LoggerUtil - Quitting local WebDriver session...
2026-08-02 10:10:44 [TestNG-tests-1] INFO  com.elpaisqa.utils.LoggerUtil - ===================================== runElPaisLocalTest_chrome TEST END =========================================
2026-08-02 11:43:59 [TestNG-tests-4] INFO  com.elpaisqa.utils.LoggerUtil - ===================================== runElPaisParallelTest_chrome_SamsungGalaxyS23 TEST START =========================================
2026-08-02 11:43:59 [TestNG-tests-5] INFO  com.elpaisqa.utils.LoggerUtil - ===================================== runElPaisParallelTest_safari_iPhone14 TEST START =========================================
2026-08-02 11:43:59 [TestNG-tests-1] INFO  com.elpaisqa.utils.LoggerUtil - ===================================== runElPaisParallelTest_chrome_Windows_11 TEST START =========================================
2026-08-02 11:43:59 [TestNG-tests-3] INFO  com.elpaisqa.utils.LoggerUtil - ===================================== runElPaisParallelTest_safari_OS X_Sonoma TEST START =========================================
2026-08-02 11:43:59 [TestNG-tests-2] INFO  com.elpaisqa.utils.LoggerUtil - ===================================== runElPaisParallelTest_firefox_OS X_Ventura TEST START =========================================
2026-08-02 11:43:59 [TestNG-tests-3] INFO  com.elpaisqa.tests.BaseTest - Generating BrowserStack capabilities for safari (OS X, )...
2026-08-02 11:43:59 [TestNG-tests-4] INFO  com.elpaisqa.tests.BaseTest - Generating BrowserStack capabilities for chrome (, Samsung Galaxy S23)...
2026-08-02 11:43:59 [TestNG-tests-2] INFO  com.elpaisqa.tests.BaseTest - Generating BrowserStack capabilities for firefox (OS X, )...
2026-08-02 11:43:59 [TestNG-tests-1] INFO  com.elpaisqa.tests.BaseTest - Generating BrowserStack capabilities for chrome (Windows, )...
2026-08-02 11:43:59 [TestNG-tests-5] INFO  com.elpaisqa.tests.BaseTest - Generating BrowserStack capabilities for safari (, iPhone 14)...
2026-08-02 11:43:59 [TestNG-tests-4] INFO  com.elpaisqa.tests.BaseTest - Initializing RemoteWebDriver session on BrowserStack...
2026-08-02 11:43:59 [TestNG-tests-2] INFO  com.elpaisqa.tests.BaseTest - Initializing RemoteWebDriver session on BrowserStack...
2026-08-02 11:43:59 [TestNG-tests-5] INFO  com.elpaisqa.tests.BaseTest - Initializing RemoteWebDriver session on BrowserStack...
2026-08-02 11:43:59 [TestNG-tests-3] INFO  com.elpaisqa.tests.BaseTest - Initializing RemoteWebDriver session on BrowserStack...
2026-08-02 11:43:59 [TestNG-tests-1] INFO  com.elpaisqa.tests.BaseTest - Initializing RemoteWebDriver session on BrowserStack...
2026-08-02 11:44:04 [TestNG-tests-1] INFO  com.elpaisqa.utils.LoggerUtil - BrowserStack session started: 3b8a11bca304c0d8085c573e8396d41b3e2dcb71
2026-08-02 11:44:04 [TestNG-tests-1] INFO  com.elpaisqa.tests.BaseTest - Navigating to https://elpais.com
2026-08-02 11:44:05 [TestNG-tests-3] INFO  com.elpaisqa.utils.LoggerUtil - BrowserStack session started: b2ea89579323cac5293f880bafd72a741b51d063
2026-08-02 11:44:05 [TestNG-tests-3] INFO  com.elpaisqa.tests.BaseTest - Navigating to https://elpais.com
2026-08-02 11:44:06 [TestNG-tests-1] INFO  com.elpaisqa.tests.BaseTest - Handling cookies...
2026-08-02 11:44:08 [TestNG-tests-3] INFO  com.elpaisqa.tests.BaseTest - Handling cookies...
2026-08-02 11:44:09 [TestNG-tests-3] INFO  com.elpaisqa.utils.LoggerUtil - No cookie banner detected or handled.
2026-08-02 11:44:09 [TestNG-tests-3] INFO  com.elpaisqa.tests.BaseTest - Verifying Spanish language...
2026-08-02 11:44:09 [TestNG-tests-3] INFO  com.elpaisqa.utils.LoggerUtil - Page is in Spanish: true
2026-08-02 11:44:09 [TestNG-tests-3] INFO  com.elpaisqa.tests.BaseTest - [PASS] Spanish language verification completed: true
2026-08-02 11:44:09 [TestNG-tests-3] INFO  com.elpaisqa.tests.BaseTest - Navigating to Opinion section: https://elpais.com/opinion/
2026-08-02 11:44:09 [TestNG-tests-1] INFO  com.elpaisqa.utils.LoggerUtil - Cookie consent accepted using: By.id: didomi-notice-agree-button
2026-08-02 11:44:10 [TestNG-tests-3] INFO  com.elpaisqa.utils.LoggerUtil - No cookie banner detected or handled.
2026-08-02 11:44:10 [TestNG-tests-2] INFO  com.elpaisqa.utils.LoggerUtil - BrowserStack session started: 85dbcc2816727169d82a889f08227c6acf19e5b4
2026-08-02 11:44:10 [TestNG-tests-2] INFO  com.elpaisqa.tests.BaseTest - Navigating to https://elpais.com
2026-08-02 11:44:11 [TestNG-tests-1] INFO  com.elpaisqa.tests.BaseTest - Verifying Spanish language...
2026-08-02 11:44:12 [TestNG-tests-2] INFO  com.elpaisqa.tests.BaseTest - Handling cookies...
2026-08-02 11:44:13 [TestNG-tests-2] INFO  com.elpaisqa.utils.LoggerUtil - No cookie banner detected or handled.
2026-08-02 11:44:13 [TestNG-tests-2] INFO  com.elpaisqa.tests.BaseTest - Verifying Spanish language...
2026-08-02 11:44:13 [TestNG-tests-2] INFO  com.elpaisqa.utils.LoggerUtil - Page is in Spanish: true
2026-08-02 11:44:13 [TestNG-tests-2] INFO  com.elpaisqa.tests.BaseTest - [PASS] Spanish language verification completed: true
2026-08-02 11:44:13 [TestNG-tests-2] INFO  com.elpaisqa.tests.BaseTest - Navigating to Opinion section: https://elpais.com/opinion/
2026-08-02 11:44:15 [TestNG-tests-2] INFO  com.elpaisqa.utils.LoggerUtil - No cookie banner detected or handled.
2026-08-02 11:44:15 [TestNG-tests-2] INFO  com.elpaisqa.utils.LoggerUtil - Found 27 article cards on Opinion page.
2026-08-02 11:44:16 [TestNG-tests-1] INFO  com.elpaisqa.utils.LoggerUtil - Page is in Spanish: true
2026-08-02 11:44:16 [TestNG-tests-1] INFO  com.elpaisqa.tests.BaseTest - [PASS] Spanish language verification completed: true
2026-08-02 11:44:16 [TestNG-tests-1] INFO  com.elpaisqa.tests.BaseTest - Navigating to Opinion section: https://elpais.com/opinion/
2026-08-02 11:44:19 [TestNG-tests-5] INFO  com.elpaisqa.utils.LoggerUtil - BrowserStack session started: 14882c19302a723406e4a4c7490577e95a374f6e
2026-08-02 11:44:19 [TestNG-tests-5] INFO  com.elpaisqa.tests.BaseTest - Navigating to https://elpais.com
2026-08-02 11:44:20 [TestNG-tests-3] ERROR com.elpaisqa.utils.LoggerUtil - Error scraping opinion articles list
org.openqa.selenium.TimeoutException: Expected condition failed: waiting for presence of element located by: By.tagName: article (tried for 10 second(s) with 500 milliseconds interval)
	at org.openqa.selenium.support.ui.WebDriverWait.timeoutException(WebDriverWait.java:84) ~[selenium-support-4.18.1.jar:?]
	at org.openqa.selenium.support.ui.FluentWait.until(FluentWait.java:228) ~[selenium-support-4.18.1.jar:?]
	at com.elpaisqa.utils.ScraperUtils.scrapeOpinionArticles(ScraperUtils.java:123) ~[test-classes/:?]
	at com.elpaisqa.tests.BrowserStackParallelTest.runElPaisParallelTest(BrowserStackParallelTest.java:96) ~[test-classes/:?]
	at java.base/jdk.internal.reflect.DirectMethodHandleAccessor.invoke(DirectMethodHandleAccessor.java:103) ~[?:?]
	at java.base/java.lang.reflect.Method.invoke(Method.java:580) ~[?:?]
	at org.testng.internal.invokers.MethodInvocationHelper.invokeMethod(MethodInvocationHelper.java:139) ~[testng-7.8.0.jar:7.8.0]
	at org.testng.internal.invokers.TestInvoker.invokeMethod(TestInvoker.java:664) ~[testng-7.8.0.jar:7.8.0]
	at org.testng.internal.invokers.TestInvoker.invokeTestMethod(TestInvoker.java:227) ~[testng-7.8.0.jar:7.8.0]
	at org.testng.internal.invokers.MethodRunner.runInSequence(MethodRunner.java:50) ~[testng-7.8.0.jar:7.8.0]
	at org.testng.internal.invokers.TestInvoker$MethodInvocationAgent.invoke(TestInvoker.java:957) ~[testng-7.8.0.jar:7.8.0]
	at org.testng.internal.invokers.TestInvoker.invokeTestMethods(TestInvoker.java:200) ~[testng-7.8.0.jar:7.8.0]
	at org.testng.internal.invokers.TestMethodWorker.invokeTestMethods(TestMethodWorker.java:148) ~[testng-7.8.0.jar:7.8.0]
	at org.testng.internal.invokers.TestMethodWorker.run(TestMethodWorker.java:128) ~[testng-7.8.0.jar:7.8.0]
	at java.base/java.util.ArrayList.forEach(ArrayList.java:1597) ~[?:?]
	at org.testng.TestRunner.privateRun(TestRunner.java:848) ~[testng-7.8.0.jar:7.8.0]
	at org.testng.TestRunner.run(TestRunner.java:621) ~[testng-7.8.0.jar:7.8.0]
	at org.testng.SuiteRunner.runTest(SuiteRunner.java:443) ~[testng-7.8.0.jar:7.8.0]
	at org.testng.SuiteRunner$SuiteWorker.run(SuiteRunner.java:481) ~[testng-7.8.0.jar:7.8.0]
	at org.testng.internal.thread.ThreadUtil.lambda$execute$0(ThreadUtil.java:58) ~[testng-7.8.0.jar:7.8.0]
	at java.base/java.util.concurrent.FutureTask.run(FutureTask.java:317) ~[?:?]
	at java.base/java.util.concurrent.ThreadPoolExecutor.runWorker(ThreadPoolExecutor.java:1144) ~[?:?]
	at java.base/java.util.concurrent.ThreadPoolExecutor$Worker.run(ThreadPoolExecutor.java:642) ~[?:?]
	at java.base/java.lang.Thread.run(Thread.java:1570) [?:?]
Caused by: org.openqa.selenium.NoSuchElementException: For documentation on this error, please visit: https://www.selenium.dev/documentation/webdriver/troubleshooting/errors#no-such-element-exception
Build info: version: '4.18.1', revision: 'b1d3319b48'
System info: os.name: 'Windows 11', os.arch: 'amd64', os.version: '10.0', java.version: '22.0.2'
Driver info: org.openqa.selenium.remote.RemoteWebDriver
Command: [b2ea89579323cac5293f880bafd72a741b51d063, findElement {using=tag name, value=article}]
Capabilities {acceptInsecureCerts: false, browserName: Safari, browserVersion: 17.3, pageLoadStrategy: eager, platformName: mac, safari:automaticInspection: false, safari:automaticProfiling: false, safari:diagnose: false, safari:platformBuildVersion: 23D56, safari:platformVersion: 14.3, safari:useSimulator: false, setWindowRect: true, strictFileInteractability: false, webdriver.remote.sessionid: b2ea89579323cac5293f880bafd..., webkit:WebRTC: {DisableICECandidateFiltering: false, DisableInsecureMediaCapture: false}}
Session ID: b2ea89579323cac5293f880bafd72a741b51d063
	at java.base/jdk.internal.reflect.DirectConstructorHandleAccessor.newInstance(DirectConstructorHandleAccessor.java:62) ~[?:?]
	at java.base/java.lang.reflect.Constructor.newInstanceWithCaller(Constructor.java:502) ~[?:?]
	at java.base/java.lang.reflect.Constructor.newInstance(Constructor.java:486) ~[?:?]
	at org.openqa.selenium.remote.ErrorCodec.decode(ErrorCodec.java:167) ~[selenium-remote-driver-4.18.1.jar:?]
	at org.openqa.selenium.remote.codec.w3c.W3CHttpResponseCodec.decode(W3CHttpResponseCodec.java:138) ~[selenium-remote-driver-4.18.1.jar:?]
	at org.openqa.selenium.remote.codec.w3c.W3CHttpResponseCodec.decode(W3CHttpResponseCodec.java:50) ~[selenium-remote-driver-4.18.1.jar:?]
	at org.openqa.selenium.remote.HttpCommandExecutor.execute(HttpCommandExecutor.java:190) ~[selenium-remote-driver-4.18.1.jar:?]
	at org.openqa.selenium.remote.TracedCommandExecutor.execute(TracedCommandExecutor.java:51) ~[selenium-remote-driver-4.18.1.jar:?]
	at org.openqa.selenium.remote.RemoteWebDriver.execute(RemoteWebDriver.java:519) ~[selenium-remote-driver-4.18.1.jar:?]
	at org.openqa.selenium.remote.ElementLocation$ElementFinder$2.findElement(ElementLocation.java:165) ~[selenium-remote-driver-4.18.1.jar:?]
	at org.openqa.selenium.remote.ElementLocation.findElement(ElementLocation.java:59) ~[selenium-remote-driver-4.18.1.jar:?]
	at org.openqa.selenium.remote.RemoteWebDriver.findElement(RemoteWebDriver.java:356) ~[selenium-remote-driver-4.18.1.jar:?]
	at org.openqa.selenium.remote.RemoteWebDriver.findElement(RemoteWebDriver.java:350) ~[selenium-remote-driver-4.18.1.jar:?]
	at org.openqa.selenium.support.ui.ExpectedConditions$6.apply(ExpectedConditions.java:171) ~[selenium-support-4.18.1.jar:?]
	at org.openqa.selenium.support.ui.ExpectedConditions$6.apply(ExpectedConditions.java:168) ~[selenium-support-4.18.1.jar:?]
	at org.openqa.selenium.support.ui.FluentWait.until(FluentWait.java:203) ~[selenium-support-4.18.1.jar:?]
	... 22 more
2026-08-02 11:44:20 [TestNG-tests-3] INFO  com.elpaisqa.tests.BaseTest - Articles found for scraping: 0
2026-08-02 11:44:20 [TestNG-tests-3] ERROR com.elpaisqa.utils.LoggerUtil - No articles were scraped expected [false] but found [true]
2026-08-02 11:44:20 [TestNG-tests-1] INFO  com.elpaisqa.utils.LoggerUtil - No cookie banner detected or handled.
2026-08-02 11:44:20 [TestNG-tests-1] INFO  com.elpaisqa.utils.LoggerUtil - Found 27 article cards on Opinion page.
2026-08-02 11:44:20 [TestNG-tests-2] INFO  com.elpaisqa.tests.BaseTest - Articles found for scraping: 5
2026-08-02 11:44:20 [TestNG-tests-2] INFO  com.elpaisqa.tests.BaseTest - Processing article 1: EDITORIAL
2026-08-02 11:44:21 [TestNG-tests-4] INFO  com.elpaisqa.utils.LoggerUtil - BrowserStack session started: 7b73b9af22f18507375da5aadc8ae6831cfe6448
2026-08-02 11:44:21 [TestNG-tests-4] INFO  com.elpaisqa.tests.BaseTest - Navigating to https://elpais.com
2026-08-02 11:44:22 [TestNG-tests-2] INFO  com.elpaisqa.utils.LoggerUtil - No cookie banner detected or handled.
2026-08-02 11:44:23 [TestNG-tests-4] INFO  com.elpaisqa.tests.BaseTest - Handling cookies...
2026-08-02 11:44:23 [TestNG-tests-1] INFO  com.elpaisqa.tests.BaseTest - Articles found for scraping: 5
2026-08-02 11:44:23 [TestNG-tests-1] INFO  com.elpaisqa.tests.BaseTest - Processing article 1: EDITORIAL
2026-08-02 11:44:23 [TestNG-tests-3] INFO  com.elpaisqa.utils.LoggerUtil - BrowserStack session b2ea89579323cac5293f880bafd72a741b51d063 updated to status: failed
2026-08-02 11:44:23 [TestNG-tests-3] INFO  com.elpaisqa.utils.LoggerUtil - Quitting RemoteWebDriver session...
2026-08-02 11:44:24 [TestNG-tests-5] INFO  com.elpaisqa.tests.BaseTest - Handling cookies...
2026-08-02 11:44:24 [TestNG-tests-4] INFO  com.elpaisqa.utils.LoggerUtil - No cookie banner detected or handled.
2026-08-02 11:44:24 [TestNG-tests-4] INFO  com.elpaisqa.tests.BaseTest - Verifying Spanish language...
2026-08-02 11:44:24 [TestNG-tests-1] INFO  com.elpaisqa.utils.LoggerUtil - No cookie banner detected or handled.
2026-08-02 11:44:24 [TestNG-tests-4] INFO  com.elpaisqa.utils.LoggerUtil - Page is in Spanish: true
2026-08-02 11:44:24 [TestNG-tests-4] INFO  com.elpaisqa.tests.BaseTest - [PASS] Spanish language verification completed: true
2026-08-02 11:44:24 [TestNG-tests-4] INFO  com.elpaisqa.tests.BaseTest - Navigating to Opinion section: https://elpais.com/opinion/
2026-08-02 11:44:24 [TestNG-tests-3] INFO  com.elpaisqa.utils.LoggerUtil - ===================================== runElPaisParallelTest_safari_OS X_Sonoma TEST END =========================================
2026-08-02 11:44:25 [TestNG-tests-5] INFO  com.elpaisqa.utils.LoggerUtil - No cookie banner detected or handled.
2026-08-02 11:44:25 [TestNG-tests-5] INFO  com.elpaisqa.tests.BaseTest - Verifying Spanish language...
2026-08-02 11:44:25 [TestNG-tests-5] INFO  com.elpaisqa.utils.LoggerUtil - Page is in Spanish: true
2026-08-02 11:44:25 [TestNG-tests-5] INFO  com.elpaisqa.tests.BaseTest - [PASS] Spanish language verification completed: true
2026-08-02 11:44:25 [TestNG-tests-5] INFO  com.elpaisqa.tests.BaseTest - Navigating to Opinion section: https://elpais.com/opinion/
2026-08-02 11:44:27 [TestNG-tests-2] INFO  com.elpaisqa.tests.BaseTest - Excerpt scraped: El inaceptable uso de la inmigración contra las fronteras soberanas en Ceuta requiere respuestas claras y todo el apoyo de la UE
2026-08-02 11:44:27 [TestNG-tests-2] INFO  com.elpaisqa.tests.BaseTest - No cover image found for article 1
2026-08-02 11:44:27 [TestNG-tests-2] INFO  com.elpaisqa.tests.BaseTest - Translating title to English...
2026-08-02 11:44:27 [TestNG-tests-1] INFO  com.elpaisqa.tests.BaseTest - Excerpt scraped: El inaceptable uso de la inmigración contra las fronteras soberanas en Ceuta requiere respuestas claras y todo el apoyo de la UE Los incendios se pueden prevenir, y es obligación de los poderes públic...
2026-08-02 11:44:27 [TestNG-tests-1] INFO  com.elpaisqa.tests.BaseTest - No cover image found for article 1
2026-08-02 11:44:27 [TestNG-tests-1] INFO  com.elpaisqa.tests.BaseTest - Translating title to English...
2026-08-02 11:44:27 [TestNG-tests-4] INFO  com.elpaisqa.utils.LoggerUtil - Cookie consent accepted using: By.id: didomi-notice-agree-button
2026-08-02 11:44:28 [TestNG-tests-5] INFO  com.elpaisqa.utils.LoggerUtil - No cookie banner detected or handled.
2026-08-02 11:44:28 [TestNG-tests-2] WARN  com.elpaisqa.utils.LoggerUtil - Translation identical to source text. Translation might have failed silently.
2026-08-02 11:44:28 [TestNG-tests-2] INFO  com.elpaisqa.tests.BaseTest - Spanish Title: EDITORIAL
2026-08-02 11:44:28 [TestNG-tests-2] INFO  com.elpaisqa.tests.BaseTest - English Translation: EDITORIAL
2026-08-02 11:44:28 [TestNG-tests-2] INFO  com.elpaisqa.tests.BaseTest - Processing article 2: TRIBUNA
2026-08-02 11:44:28 [TestNG-tests-5] INFO  com.elpaisqa.utils.LoggerUtil - Found 27 article cards on Opinion page.
2026-08-02 11:44:29 [TestNG-tests-1] WARN  com.elpaisqa.utils.LoggerUtil - Translation identical to source text. Translation might have failed silently.
2026-08-02 11:44:29 [TestNG-tests-1] INFO  com.elpaisqa.tests.BaseTest - Spanish Title: EDITORIAL
2026-08-02 11:44:29 [TestNG-tests-1] INFO  com.elpaisqa.tests.BaseTest - English Translation: EDITORIAL
2026-08-02 11:44:29 [TestNG-tests-1] INFO  com.elpaisqa.tests.BaseTest - Processing article 2: TRIBUNA
2026-08-02 11:44:29 [TestNG-tests-4] INFO  com.elpaisqa.utils.LoggerUtil - Found 27 article cards on Opinion page.
2026-08-02 11:44:30 [TestNG-tests-2] INFO  com.elpaisqa.utils.LoggerUtil - No cookie banner detected or handled.
2026-08-02 11:44:30 [TestNG-tests-1] INFO  com.elpaisqa.utils.LoggerUtil - No cookie banner detected or handled.
2026-08-02 11:44:33 [TestNG-tests-1] INFO  com.elpaisqa.tests.BaseTest - Excerpt scraped: España debe reclamar el apoyo de los socios europeos cuando la soberanía de un Estado miembro esté en cuestión, ya sea por amenazas convencionales o híbridas Las investigaciones para combatir las enfe...
2026-08-02 11:44:33 [TestNG-tests-1] INFO  com.elpaisqa.tests.BaseTest - No cover image found for article 2
2026-08-02 11:44:33 [TestNG-tests-1] INFO  com.elpaisqa.tests.BaseTest - Translating title to English...
2026-08-02 11:44:33 [TestNG-tests-4] INFO  com.elpaisqa.tests.BaseTest - Articles found for scraping: 5
2026-08-02 11:44:33 [TestNG-tests-1] WARN  com.elpaisqa.utils.LoggerUtil - Translation identical to source text. Translation might have failed silently.
2026-08-02 11:44:33 [TestNG-tests-4] INFO  com.elpaisqa.tests.BaseTest - Processing article 1: EDITORIAL
2026-08-02 11:44:33 [TestNG-tests-1] INFO  com.elpaisqa.tests.BaseTest - Spanish Title: TRIBUNA
2026-08-02 11:44:33 [TestNG-tests-1] INFO  com.elpaisqa.tests.BaseTest - English Translation: TRIBUNA
2026-08-02 11:44:33 [TestNG-tests-1] INFO  com.elpaisqa.tests.BaseTest - Processing article 3: COLUMNA
2026-08-02 11:44:34 [TestNG-tests-2] INFO  com.elpaisqa.tests.BaseTest - Excerpt scraped: España debe reclamar el apoyo de los socios europeos cuando la soberanía de un Estado miembro esté en cuestión, ya sea por amenazas convencionales o híbridas
2026-08-02 11:44:34 [TestNG-tests-2] INFO  com.elpaisqa.tests.BaseTest - No cover image found for article 2
2026-08-02 11:44:34 [TestNG-tests-2] INFO  com.elpaisqa.tests.BaseTest - Translating title to English...
2026-08-02 11:44:35 [TestNG-tests-2] WARN  com.elpaisqa.utils.LoggerUtil - Translation identical to source text. Translation might have failed silently.
2026-08-02 11:44:35 [TestNG-tests-2] INFO  com.elpaisqa.tests.BaseTest - Spanish Title: TRIBUNA
2026-08-02 11:44:35 [TestNG-tests-2] INFO  com.elpaisqa.tests.BaseTest - English Translation: TRIBUNA
2026-08-02 11:44:35 [TestNG-tests-2] INFO  com.elpaisqa.tests.BaseTest - Processing article 3: Lo que quiere Jeff Bezos lo tiene José Flores
2026-08-02 11:44:35 [TestNG-tests-1] INFO  com.elpaisqa.utils.LoggerUtil - No cookie banner detected or handled.
2026-08-02 11:44:37 [TestNG-tests-4] INFO  com.elpaisqa.utils.LoggerUtil - No cookie banner detected or handled.
2026-08-02 11:44:37 [TestNG-tests-2] INFO  com.elpaisqa.utils.LoggerUtil - No cookie banner detected or handled.
2026-08-02 11:44:38 [TestNG-tests-1] INFO  com.elpaisqa.tests.BaseTest - Excerpt scraped: Hacer de Barranquilla una capital alterna puede acabar con décadas de atraso o convertirse en un espejismo que ahonda las desigualdades La presidenta insistirá en su proyecto de control. Ciertamente, ...
2026-08-02 11:44:38 [TestNG-tests-1] INFO  com.elpaisqa.tests.BaseTest - No cover image found for article 3
2026-08-02 11:44:38 [TestNG-tests-1] INFO  com.elpaisqa.tests.BaseTest - Translating title to English...
2026-08-02 11:44:38 [TestNG-tests-1] INFO  com.elpaisqa.tests.BaseTest - Spanish Title: COLUMNA
2026-08-02 11:44:38 [TestNG-tests-1] INFO  com.elpaisqa.tests.BaseTest - English Translation: PILLAR
2026-08-02 11:44:38 [TestNG-tests-1] INFO  com.elpaisqa.tests.BaseTest - Processing article 4: TRIBUNA
2026-08-02 11:44:40 [TestNG-tests-2] INFO  com.elpaisqa.tests.BaseTest - Excerpt scraped: Content restricted — showing excerpt only
2026-08-02 11:44:40 [TestNG-tests-2] INFO  com.elpaisqa.tests.BaseTest - No cover image found for article 3
2026-08-02 11:44:40 [TestNG-tests-2] INFO  com.elpaisqa.tests.BaseTest - Translating title to English...
2026-08-02 11:44:40 [TestNG-tests-1] INFO  com.elpaisqa.utils.LoggerUtil - No cookie banner detected or handled.
2026-08-02 11:44:40 [TestNG-tests-4] INFO  com.elpaisqa.tests.BaseTest - Excerpt scraped: El inaceptable uso de la inmigración contra las fronteras soberanas en Ceuta requiere respuestas claras y todo el apoyo de la UE Los incendios se pueden prevenir, y es obligación de los poderes públic...
2026-08-02 11:44:40 [TestNG-tests-4] INFO  com.elpaisqa.tests.BaseTest - No cover image found for article 1
2026-08-02 11:44:40 [TestNG-tests-4] INFO  com.elpaisqa.tests.BaseTest - Translating title to English...
2026-08-02 11:44:40 [TestNG-tests-2] INFO  com.elpaisqa.tests.BaseTest - Spanish Title: Lo que quiere Jeff Bezos lo tiene José Flores
2026-08-02 11:44:40 [TestNG-tests-2] INFO  com.elpaisqa.tests.BaseTest - English Translation: What Jeff Bezos wants is Jose Flores
2026-08-02 11:44:40 [TestNG-tests-2] INFO  com.elpaisqa.tests.BaseTest - Processing article 4: Mohamed VI y sus proyectiles humanos
2026-08-02 11:44:41 [TestNG-tests-2] INFO  com.elpaisqa.utils.LoggerUtil - No cookie banner detected or handled.
2026-08-02 11:44:41 [TestNG-tests-4] WARN  com.elpaisqa.utils.LoggerUtil - Translation identical to source text. Translation might have failed silently.
2026-08-02 11:44:41 [TestNG-tests-4] INFO  com.elpaisqa.tests.BaseTest - Spanish Title: EDITORIAL
2026-08-02 11:44:41 [TestNG-tests-4] INFO  com.elpaisqa.tests.BaseTest - English Translation: EDITORIAL
2026-08-02 11:44:41 [TestNG-tests-4] INFO  com.elpaisqa.tests.BaseTest - Processing article 2: TRIBUNA
2026-08-02 11:44:42 [TestNG-tests-5] INFO  com.elpaisqa.tests.BaseTest - Articles found for scraping: 3
2026-08-02 11:44:42 [TestNG-tests-5] ERROR com.elpaisqa.utils.LoggerUtil - Expected to scrape 5 articles from the Opinion section, but got: 3 expected [5] but found [3]
2026-08-02 11:44:43 [TestNG-tests-1] INFO  com.elpaisqa.tests.BaseTest - Excerpt scraped: España debe reclamar el apoyo de los socios europeos cuando la soberanía de un Estado miembro esté en cuestión, ya sea por amenazas convencionales o híbridas Las investigaciones para combatir las enfe...
2026-08-02 11:44:43 [TestNG-tests-1] INFO  com.elpaisqa.tests.BaseTest - Downloading cover image: https://imagenes.elpais.com/resizer/v2/EH6J3QTC3JI6BJQPXAOIIQAFR4.jpg?auth=db5892300d2a49a7a6089b52adbbc7bebfb2b0db2538159173c2720db428dd7e&width=414
2026-08-02 11:44:43 [TestNG-tests-5] INFO  com.elpaisqa.utils.LoggerUtil - BrowserStack session 14882c19302a723406e4a4c7490577e95a374f6e updated to status: failed
2026-08-02 11:44:43 [TestNG-tests-5] INFO  com.elpaisqa.utils.LoggerUtil - Quitting RemoteWebDriver session...
2026-08-02 11:44:43 [TestNG-tests-4] INFO  com.elpaisqa.utils.LoggerUtil - No cookie banner detected or handled.
2026-08-02 11:44:44 [TestNG-tests-2] INFO  com.elpaisqa.tests.BaseTest - Excerpt scraped: Content restricted — showing excerpt only
2026-08-02 11:44:44 [TestNG-tests-2] INFO  com.elpaisqa.tests.BaseTest - No cover image found for article 4
2026-08-02 11:44:44 [TestNG-tests-2] INFO  com.elpaisqa.tests.BaseTest - Translating title to English...
2026-08-02 11:44:44 [TestNG-tests-1] INFO  com.elpaisqa.utils.LoggerUtil - Saved cover image to: article_images/article_4.jpg
2026-08-02 11:44:44 [TestNG-tests-1] INFO  com.elpaisqa.tests.BaseTest - Translating title to English...
2026-08-02 11:44:44 [TestNG-tests-2] INFO  com.elpaisqa.tests.BaseTest - Spanish Title: Mohamed VI y sus proyectiles humanos
2026-08-02 11:44:44 [TestNG-tests-2] INFO  com.elpaisqa.tests.BaseTest - English Translation: Mohamed VI and his human projectiles
2026-08-02 11:44:44 [TestNG-tests-2] INFO  com.elpaisqa.tests.BaseTest - Processing article 5: COLUMNA
2026-08-02 11:44:45 [TestNG-tests-5] INFO  com.elpaisqa.utils.LoggerUtil - ===================================== runElPaisParallelTest_safari_iPhone14 TEST END =========================================
2026-08-02 11:44:45 [TestNG-tests-2] INFO  com.elpaisqa.utils.LoggerUtil - No cookie banner detected or handled.
2026-08-02 11:44:46 [TestNG-tests-1] WARN  com.elpaisqa.utils.LoggerUtil - Translation identical to source text. Translation might have failed silently.
2026-08-02 11:44:46 [TestNG-tests-1] INFO  com.elpaisqa.tests.BaseTest - Spanish Title: TRIBUNA
2026-08-02 11:44:46 [TestNG-tests-1] INFO  com.elpaisqa.tests.BaseTest - English Translation: TRIBUNA
2026-08-02 11:44:46 [TestNG-tests-1] INFO  com.elpaisqa.tests.BaseTest - Processing article 5: EXPOSICIÓN
2026-08-02 11:44:47 [TestNG-tests-4] INFO  com.elpaisqa.tests.BaseTest - Excerpt scraped: España debe reclamar el apoyo de los socios europeos cuando la soberanía de un Estado miembro esté en cuestión, ya sea por amenazas convencionales o híbridas Las investigaciones para combatir las enfe...
2026-08-02 11:44:47 [TestNG-tests-4] INFO  com.elpaisqa.tests.BaseTest - No cover image found for article 2
2026-08-02 11:44:47 [TestNG-tests-4] INFO  com.elpaisqa.tests.BaseTest - Translating title to English...
2026-08-02 11:44:47 [TestNG-tests-1] INFO  com.elpaisqa.utils.LoggerUtil - No cookie banner detected or handled.
2026-08-02 11:44:47 [TestNG-tests-4] WARN  com.elpaisqa.utils.LoggerUtil - Translation identical to source text. Translation might have failed silently.
2026-08-02 11:44:47 [TestNG-tests-4] INFO  com.elpaisqa.tests.BaseTest - Spanish Title: TRIBUNA
2026-08-02 11:44:47 [TestNG-tests-4] INFO  com.elpaisqa.tests.BaseTest - English Translation: TRIBUNA
2026-08-02 11:44:47 [TestNG-tests-4] INFO  com.elpaisqa.tests.BaseTest - Processing article 3: COLUMNA
2026-08-02 11:44:49 [TestNG-tests-4] INFO  com.elpaisqa.utils.LoggerUtil - No cookie banner detected or handled.
2026-08-02 11:44:50 [TestNG-tests-2] INFO  com.elpaisqa.tests.BaseTest - Excerpt scraped: Hacer de Barranquilla una capital alterna puede acabar con décadas de atraso o convertirse en un espejismo que ahonda las desigualdades
2026-08-02 11:44:50 [TestNG-tests-2] INFO  com.elpaisqa.tests.BaseTest - No cover image found for article 5
2026-08-02 11:44:50 [TestNG-tests-2] INFO  com.elpaisqa.tests.BaseTest - Translating title to English...
2026-08-02 11:44:50 [TestNG-tests-1] INFO  com.elpaisqa.tests.BaseTest - Excerpt scraped: El inaceptable uso de la inmigración contra las fronteras soberanas en Ceuta requiere respuestas claras y todo el apoyo de la UE Las investigaciones para combatir las enfermedades olvidadas atraviesan...
2026-08-02 11:44:50 [TestNG-tests-1] INFO  com.elpaisqa.tests.BaseTest - Downloading cover image: https://imagenes.elpais.com/resizer/v2/YM6RQI563BFPVHQWBY7E6DLNSA.jpg?auth=37fd263c25536d97d0ee5e23ae93dfd72c222f6584d98e5adf59e58d7e95db66&width=414&height=233&focal=2623%2C1472
2026-08-02 11:44:50 [TestNG-tests-1] INFO  com.elpaisqa.utils.LoggerUtil - Saved cover image to: article_images/article_5.jpg
2026-08-02 11:44:50 [TestNG-tests-1] INFO  com.elpaisqa.tests.BaseTest - Translating title to English...
2026-08-02 11:44:50 [TestNG-tests-2] INFO  com.elpaisqa.tests.BaseTest - Spanish Title: COLUMNA
2026-08-02 11:44:50 [TestNG-tests-2] INFO  com.elpaisqa.tests.BaseTest - English Translation: PILLAR
2026-08-02 11:44:50 [TestNG-tests-2] INFO  com.elpaisqa.tests.BaseTest - Starting word frequency analysis on translated headers...
2026-08-02 11:44:50 [TestNG-tests-2] INFO  com.elpaisqa.utils.LoggerUtil - --- Word Frequency Analysis (Repeated > 2 times) ---
2026-08-02 11:44:50 [TestNG-tests-2] INFO  com.elpaisqa.utils.LoggerUtil - No words repeated more than twice across the headers.
2026-08-02 11:44:50 [TestNG-tests-2] INFO  com.elpaisqa.utils.LoggerUtil - ----------------------------------------------------
2026-08-02 11:44:50 [TestNG-tests-2] INFO  com.elpaisqa.tests.BaseTest - [PASS] Word frequency analysis completed.
2026-08-02 11:44:50 [TestNG-tests-2] INFO  com.elpaisqa.utils.LoggerUtil - Test execution completed successfully.
2026-08-02 11:44:51 [TestNG-tests-2] INFO  com.elpaisqa.utils.LoggerUtil - BrowserStack session 85dbcc2816727169d82a889f08227c6acf19e5b4 updated to status: passed
2026-08-02 11:44:51 [TestNG-tests-2] INFO  com.elpaisqa.utils.LoggerUtil - Quitting RemoteWebDriver session...
2026-08-02 11:44:51 [TestNG-tests-1] INFO  com.elpaisqa.tests.BaseTest - Spanish Title: EXPOSICIÓN
2026-08-02 11:44:51 [TestNG-tests-1] INFO  com.elpaisqa.tests.BaseTest - English Translation: INTRODUCTION
2026-08-02 11:44:51 [TestNG-tests-1] INFO  com.elpaisqa.tests.BaseTest - Starting word frequency analysis on translated headers...
2026-08-02 11:44:51 [TestNG-tests-1] INFO  com.elpaisqa.utils.LoggerUtil - --- Word Frequency Analysis (Repeated > 2 times) ---
2026-08-02 11:44:51 [TestNG-tests-1] INFO  com.elpaisqa.utils.LoggerUtil - No words repeated more than twice across the headers.
2026-08-02 11:44:51 [TestNG-tests-1] INFO  com.elpaisqa.utils.LoggerUtil - ----------------------------------------------------
2026-08-02 11:44:51 [TestNG-tests-1] INFO  com.elpaisqa.tests.BaseTest - [PASS] Word frequency analysis completed.
2026-08-02 11:44:51 [TestNG-tests-1] INFO  com.elpaisqa.utils.LoggerUtil - Test execution completed successfully.
2026-08-02 11:44:52 [TestNG-tests-1] INFO  com.elpaisqa.utils.LoggerUtil - BrowserStack session 3b8a11bca304c0d8085c573e8396d41b3e2dcb71 updated to status: passed
2026-08-02 11:44:52 [TestNG-tests-1] INFO  com.elpaisqa.utils.LoggerUtil - Quitting RemoteWebDriver session...
2026-08-02 11:44:53 [TestNG-tests-4] INFO  com.elpaisqa.tests.BaseTest - Excerpt scraped: Hacer de Barranquilla una capital alterna puede acabar con décadas de atraso o convertirse en un espejismo que ahonda las desigualdades La presidenta insistirá en su proyecto de control. Ciertamente, ...
2026-08-02 11:44:53 [TestNG-tests-4] INFO  com.elpaisqa.tests.BaseTest - No cover image found for article 3
2026-08-02 11:44:53 [TestNG-tests-4] INFO  com.elpaisqa.tests.BaseTest - Translating title to English...
2026-08-02 11:44:53 [TestNG-tests-2] INFO  com.elpaisqa.utils.LoggerUtil - ===================================== runElPaisParallelTest_firefox_OS X_Ventura TEST END =========================================
2026-08-02 11:44:53 [TestNG-tests-4] INFO  com.elpaisqa.tests.BaseTest - Spanish Title: COLUMNA
2026-08-02 11:44:53 [TestNG-tests-4] INFO  com.elpaisqa.tests.BaseTest - English Translation: PILLAR
2026-08-02 11:44:53 [TestNG-tests-4] INFO  com.elpaisqa.tests.BaseTest - Processing article 4: TRIBUNA
2026-08-02 11:44:54 [TestNG-tests-1] INFO  com.elpaisqa.utils.LoggerUtil - ===================================== runElPaisParallelTest_chrome_Windows_11 TEST END =========================================
2026-08-02 11:44:55 [TestNG-tests-4] INFO  com.elpaisqa.utils.LoggerUtil - No cookie banner detected or handled.
2026-08-02 11:44:59 [TestNG-tests-4] INFO  com.elpaisqa.tests.BaseTest - Excerpt scraped: España debe reclamar el apoyo de los socios europeos cuando la soberanía de un Estado miembro esté en cuestión, ya sea por amenazas convencionales o híbridas Las investigaciones para combatir las enfe...
2026-08-02 11:44:59 [TestNG-tests-4] INFO  com.elpaisqa.tests.BaseTest - Downloading cover image: https://imagenes.elpais.com/resizer/v2/EH6J3QTC3JI6BJQPXAOIIQAFR4.jpg?auth=db5892300d2a49a7a6089b52adbbc7bebfb2b0db2538159173c2720db428dd7e&width=414
2026-08-02 11:44:59 [TestNG-tests-4] INFO  com.elpaisqa.utils.LoggerUtil - Saved cover image to: article_images/article_4.jpg
2026-08-02 11:44:59 [TestNG-tests-4] INFO  com.elpaisqa.tests.BaseTest - Translating title to English...
2026-08-02 11:45:00 [TestNG-tests-4] WARN  com.elpaisqa.utils.LoggerUtil - Translation identical to source text. Translation might have failed silently.
2026-08-02 11:45:00 [TestNG-tests-4] INFO  com.elpaisqa.tests.BaseTest - Spanish Title: TRIBUNA
2026-08-02 11:45:00 [TestNG-tests-4] INFO  com.elpaisqa.tests.BaseTest - English Translation: TRIBUNA
2026-08-02 11:45:00 [TestNG-tests-4] INFO  com.elpaisqa.tests.BaseTest - Processing article 5: EXPOSICIÓN
2026-08-02 11:45:03 [TestNG-tests-4] INFO  com.elpaisqa.utils.LoggerUtil - No cookie banner detected or handled.
2026-08-02 11:45:07 [TestNG-tests-4] INFO  com.elpaisqa.tests.BaseTest - Excerpt scraped: El inaceptable uso de la inmigración contra las fronteras soberanas en Ceuta requiere respuestas claras y todo el apoyo de la UE Las investigaciones para combatir las enfermedades olvidadas atraviesan...
2026-08-02 11:45:07 [TestNG-tests-4] INFO  com.elpaisqa.tests.BaseTest - Downloading cover image: https://imagenes.elpais.com/resizer/v2/YM6RQI563BFPVHQWBY7E6DLNSA.jpg?auth=37fd263c25536d97d0ee5e23ae93dfd72c222f6584d98e5adf59e58d7e95db66&width=414&height=233&focal=2623%2C1472
2026-08-02 11:45:07 [TestNG-tests-4] INFO  com.elpaisqa.utils.LoggerUtil - Saved cover image to: article_images/article_5.jpg
2026-08-02 11:45:07 [TestNG-tests-4] INFO  com.elpaisqa.tests.BaseTest - Translating title to English...
2026-08-02 11:45:08 [TestNG-tests-4] INFO  com.elpaisqa.tests.BaseTest - Spanish Title: EXPOSICIÓN
2026-08-02 11:45:08 [TestNG-tests-4] INFO  com.elpaisqa.tests.BaseTest - English Translation: INTRODUCTION
2026-08-02 11:45:08 [TestNG-tests-4] INFO  com.elpaisqa.tests.BaseTest - Starting word frequency analysis on translated headers...
2026-08-02 11:45:08 [TestNG-tests-4] INFO  com.elpaisqa.utils.LoggerUtil - --- Word Frequency Analysis (Repeated > 2 times) ---
2026-08-02 11:45:08 [TestNG-tests-4] INFO  com.elpaisqa.utils.LoggerUtil - No words repeated more than twice across the headers.
2026-08-02 11:45:08 [TestNG-tests-4] INFO  com.elpaisqa.utils.LoggerUtil - ----------------------------------------------------
2026-08-02 11:45:08 [TestNG-tests-4] INFO  com.elpaisqa.tests.BaseTest - [PASS] Word frequency analysis completed.
2026-08-02 11:45:08 [TestNG-tests-4] INFO  com.elpaisqa.utils.LoggerUtil - Test execution completed successfully.
2026-08-02 11:45:09 [TestNG-tests-4] INFO  com.elpaisqa.utils.LoggerUtil - BrowserStack session 7b73b9af22f18507375da5aadc8ae6831cfe6448 updated to status: passed
2026-08-02 11:45:09 [TestNG-tests-4] INFO  com.elpaisqa.utils.LoggerUtil - Quitting RemoteWebDriver session...
2026-08-02 11:45:11 [TestNG-tests-4] INFO  com.elpaisqa.utils.LoggerUtil - ===================================== runElPaisParallelTest_chrome_SamsungGalaxyS23 TEST END =========================================
